
> izaz-ahmed-portfolio@1.0.0 start
> next start

   ▲ Next.js 15.5.26
   - Local:        http://localhost:3000
   - Network:      http://172.16.0.2:3000

 ✓ Starting...
 ✓ Ready in 1179ms
[doc-access] {"t":"2026-09-29T15:19:03.211Z","event":"bad-token","doc":"rmd-sem-2","ip":"preview:::1"}
[doc-access] {"t":"2026-09-29T15:19:03.243Z","event":"bad-token","doc":"rmd-sem-2","ip":"doc:::1"}
[doc-access] {"t":"2026-09-29T15:19:03.272Z","event":"bad-token","doc":"rmd-sem-2","ip":"doc:::1"}
[doc-access] {"t":"2026-09-29T15:19:03.298Z","event":"bad-token","doc":"rmd-sem-2","ip":"doc:::1"}
[doc-access] {"t":"2026-09-29T15:19:18.372Z","event":"bad-token","doc":"oracle-agentic-ai","ip":"doc:::1"}
[doc-access] {"t":"2026-09-29T15:19:26.684Z","event":"deny","doc":"rmd-sem-2","ip":"doc:::1"}
[doc-access] {"t":"2026-09-29T15:19:26.716Z","event":"deny","doc":"rmd-sem-2","ip":"doc:::1"}
[doc-access] {"t":"2026-09-29T15:19:26.749Z","event":"deny","doc":"rmd-sem-2","ip":"doc:::1"}
[doc-access] {"t":"2026-09-29T15:19:26.780Z","event":"deny","doc":"rmd-sem-2","ip":"doc:::1"}
[doc-access] {"t":"2026-09-29T15:19:26.812Z","event":"deny","doc":"rmd-sem-2","ip":"doc:::1"}
[doc-access] {"t":"2026-09-29T15:19:26.842Z","event":"deny","doc":"rmd-sem-2","ip":"doc:::1"}
[doc-access] {"t":"2026-09-29T15:19:26.870Z","event":"deny","doc":"rmd-sem-2","ip":"doc:::1"}
[doc-access] {"t":"2026-09-29T15:19:26.900Z","event":"deny","doc":"rmd-sem-2","ip":"doc:::1"}
[doc-access] {"t":"2026-09-29T15:19:26.943Z","event":"deny","doc":"rmd-sem-2","ip":"doc:::1"}
[doc-access] {"t":"2026-09-29T15:19:26.963Z","event":"deny","doc":"rmd-sem-2","ip":"doc:::1"}
